// Jest Snapshot v1, https://goo.gl/fbAQLP

exports[`Container matches snapshot 1`] = `
<div
  className="css-1dg94ii"
/>
`;
