// Jest Snapshot v1, https://goo.gl/fbAQLP

exports[`Row matches snapshot 1`] = `
<div
  className="css-y5smcz"
/>
`;
