// Jest Snapshot v1, https://goo.gl/fbAQLP

exports[`Column matches snapshot when passed zero props 1`] = `
<div
  className="css-23py4l"
  style={null}
/>
`;
